4567
47511
37467
24584
51661
12696
126938
113312
1002510
804760
7744
671250
570821
2022566
119775
223560
3280932
1462527
1726720
201850
4045426
973203
66145
4015200
8888366
3255525
6327828
725830
222807
336375
8009318
187648
16814907
1344360
1109220
2745990
1897545
316825
13026950
442880
178543
1927737
6798568
1044670
30199366
10953173
1312240
316728
777630
8943700
4007319
18897528
17011681
17008974
5800966
8467968
8974443
14684150
6279783
48387030
4446811
9846468
9904356
31306080
28123088
51923124
635227
5741580
15463660
39702845
49079176
16265317
28956180
2664740
709093
11915016
14853264
131635
26659
45790899
4855298
13831268
32176421
16666532
1174470
1194067
24213492
16960176
7076813
8993414
5645003
25032840
767577
23387200
2215430
45600
1105991
1588972
37139808
31577850
331978
41023209
10518884
4055414
12526074
5998328
6680736
11003148
23981090
1561745
33476141
21455280
52658
19420227
28732603
3741870
55673046
9786035
13595827
464700
43514643
11889438
26443032
12932389
16391446
77314941
35827893
13739968
1192824
23170886
1458292
4295280
4341975
2076665
123813
7067898
7813521
20400302
4363945
3884300
822210
25266391
12844690
583006
608416
408946
1532971
3848507
9598530
22186683
1910522
16301321
40319167
28846125
15637260
18656525
17981482
16015282
10636829
18426880
3126681
2855736
19697426
34587016
30086256
43881851
16055070
675024
25426050
6877955
5269
27654418
4731550
297801
2307111
29742471
4353480
34840806
14068161
3325815
18525957
14099085
39504731
23244332
17380412
20618685
26104650
10888775
79782599
47807474
7350444
16998075
6326232
874940
3268590
62873283
29916318
37393785
16629833
87401064
468715
4944044
358046
1449728
35769942
4837601
12599136
143728
39015147
47975445
27863326
246087
7220913
5113423
11267817
58319
9215565
14143589
10662435
6534560
7186347
22368793
7152292
57248295
15200
13813660
11346247
2918286
4728605
28284
5888574
492524
66778052
10316447
7861578
21089786
30566625
29973044
525747
739143
54670686
6685075
18664486
12000681
11139013
1958652
5487822
14132849
11559301
40394796
12379500
3464559
11133460
7962156
50898652
43805184
19794373
738654
52827658
573193
5202774
11325
16505037
190854
33256716
11607176
38131752
478998
15502269
54672975
46903507
60746439
8304930
17455718
3127776
27894906
1980733
27791907
53554608
16914498
16740049
7256214
24265623
8808402
12293109
16124035
50263744
41362
10494508
52081335
18551508
474875
3070969
19698446
43203075
70962
313632
55562006
60048733
241683
32705422
892146
2512368
20378127
314476
1867796
1511142
3450524
419931
23319260
17383214
3764899
30864541
18494394
799649
1446411
21729027
5653446
33761556
35164188
461288
4510254
61230747
18394128
2613660
35982521
3038723
3388599
50914418
8725420
10474596
41361414
45171124
32118422
5940784
10595625
16345989
2500086
7066647
9496421
602673
15458014
21695686
11755422
7167372
74448141
57992437
34055117
27768425
28728390
11064060
19839750
49791278
237229
19122558
50783604
41908722
57140766
847099
2181801
197961
3981718
13780800
49133948
475535
4303383
3419275
37556142
53736305
16114445
260780
48132564
3755946
2513397
46712265
16234536
1332963
32983434
3051888
54180884
10920056
67717914
11240667
10626212
394329
27587098
1475424
10880887
25670626
15816186
868103
35672585
1894649
9707868
64566908
12123315
11504730
1408920
7920720
4085933
841985
59717940
2567664
23442300
428832
861459
12211
44909458
29373300
1185720
59957091
2017152
289517
2537047
51356638
25009712
9547624
28932820
672860
4883897
492092
17445002
5133912
19350999
293468
47200641
70310604
15316873
436873
35471034
24179812
13913613
45755974
2058124
30339511
3903618
27844529
43761795
7341852
20315727
47678031
46711665
18437387
36738009
64757187
11240145
2087021
37293998
9603606
26605698
66895108
27796992
5011938
50457007
222348
10518039
21172440
2447600
11511261
17816819
23519840
70546938
59886764
416785
13574520
35728261
62160321
16266468
4695873
10663831
40485599
4514223
24660094
17958912
12479606
25069968
2893995
1561220
31557727
14273672
13583013
43255872
13751742
77595896
1140505
12407089
78815122
7458702
22221268
21926828
11551074
11756126
42815328
15620018
23755680
24895480
31359614
27316089
4814959
2080799
22932660
35741035
34435380
4523013
31625466
701316
183345
76099701
1324018
36257760
8900920
5744427
224604
4937647
6634230
3623757
9194975
2402021
1531728
4746272
1123049
6450647
125796
6376506
2621530
374110
5955317
466989
825487
1002996
21185856
9863121
3383534
31123521
4294426
8888756
506622
447419
24022855
66915
5336473
18321989
25694760
6078654
9138457
22626270
22790371
849975
2142232
3167828
3717198
10467300
6527363
4661127
518062
3186135
5502603
17156292
1335418
8627949
33982551
6314737
23466566
41515005
28919711
31043742
4856598
2600364
871106
13321810
18246166
43123997
7283296
10040738
21680716
965556
5439180
513177
9931426
27082593
4815959
29111129
11953979
64037813
51970977
223471
545453
11347635
48356368
44968915
12705818
47733552
53140899
2843100
10462852
3410633
36726570
13130670
4431201
27319542
24403640
2872232
13991736
817147
638750
74617992
10985640
6206445
20195208
1581910
7832567
199449
3824534
25534452
50644020
32377277
17874197
3735810
22846932
18495183
46174050
38446773
2676960
18997947
23371917
4504352
30191088
1192486
23829049
74104308
1378756
38732779
5594404
6962004
63596167
860775
5083176
69127851
69517000
24219495
1736485
20093981
27377677
956295
794134
12032055
9054663
9297884
28873488
24836737
4058988
39894464
670059
1469854
24932305
4292959
16993962
3232086
1904564
5403475
31330830
2927
9000605
28340765
567264
14169088
13477895
6691110
26492400
245628
353284
44750782
1664927
59579219
390330
3354765
29219945
6493917
14295745
11241783
8839220
12615981
7211620
75988980
28393892
22181205
2978342
14160033
54157124
37978065
1382716
57764398
63030874
34715444
35193264
18485019
14308680
23899278
9045738
1235850
13679774
18165732
38998766
2009939
758478
10341986
7306860
4538280
740888
12734480
58413159
43501075
1568600
21421932
19262804
75978991
39159469
1311063
18669417
41505156
51204524
38646
20777049
1308088
6895451
5969013
20741669
1348620
20722230
8889793
6006567
12343963
1109069
18025764
18805233
2821829
35063055
233244
37294374
5534787
26593920
212766
4642400
10807515
63491482
3786465
13882500
27931050
2267826
2671605
1429520
494650
10004815
4228999
1864784
3431160
15135158
46827003
12242916
8608197
10025363
16448086
2310582
29487564
412418
27802363
16783151
23910777
10916441
199020
19362894
47620335
168400
33536522
42012820
29861167
9854694
51604820
6391809
685560
283386
1938922
23428872
10667369
3233177
1547717
21333473
178115
4204667
26556075
3378351
3467580
7374910
6368133
754266
44084557
52363863
45455539
66637449
315535
527520
443417
3832327
27216168
43375108
35352649
14106768
27436356
210623
828969
14485034
39846163
18479934
1382889
28044621
31051620
28595
16493334
5014944
53537863
32342856
115383
8555888
12047801
19136053
16165326
78684023
24787670
12749850
104143
19648743
3300033
18896834
48843210
35522537
2470247
4046490
3276845
6916319
17939340
26833950
39844391
24501048
28189150
66448327
30308778
40945636
9641598
2426793
11650584
2027667
4907985
10501734
3474030
32259150
4420164
41070831
13267254
11793288
32612597
1571052
26959140
31549620
12989970
23469642
12966185
76934
61865163
19080717
12476385
1070410
11400493
82889604
16594809
26447407
703050
2532138
896773
19971996
15027026
41303682
15781797
36226260
12111987
49746174
11872482
26747426
28159799
9404912
33915026
37196911
49467792
62210921
24460866
23635282
16317952
41010825
60549636
58858587
15969993
15818378
16137563
868087
79786327
7633737
17667453
63870883
4079690
6943564
5005966
9290748
68069807
18907953
732943
4506063
50911855
24040072
10388547
25281552
16336816
17926945
9952059
3255940
39749400
11780390
10530454
8345375
538372
39697112
15382521
52321225
4676040
1244981
2332765
26299680
14159758
3759718
12369754
46755321
6882906
18241900
1494837
11216478
11201220
10785870
9921648
20956728
37240833
44511850
5658135
64411056
18342660
150961
12201840
27028586
25216865
49943838
46086101
8032987
15008796
3270143
19561971
3241161
5502387
35727533
16306725
14409704
33696971
39007281
10393794
73051720
1142100
297496
5998353
2474095
36344870
53152623
3856828
46617459
6102184
3840615
32869539
6705460
27480119
9133019
28229268
8555868
7893360
5403371
31352896
49811154
15721923
3396953
2926904
33770327
50659050
46429745
10165499
4385241
29164013
16162460
6994674
7672761
23352756
16881426
24773066
25670862
51941250
3523722
22870747
9864781
24310785
5260814
58515786
31632109
11809064
1528626
13265028
87599419
1380522
4296015
6435708
2691612
10540825
521745
7957930
19904605
418207
1740420
2132882
6143951
829134
880003
1966741
6457399
8237347
4575522
5656329
25927580
29638116
1343718
36903589
103814
3466395
7111033
11078855
13220775
552859
783424
2995029
63485
14389747
33043015
14650358
8138295
31691880
402724
33120819
2451093
1359745
2422453
18378126
1501824
91447
1907004
20898500
17549032
6621590
18115540
24618480
4349664
58430
1027714
34496343
9724227
45512085
22018392
59397963
27812610
30722544
15788970
7233785
33044838
16516187
26665782
28985822
8300443
100600
1375624
29505601
26017749
38431620
39101053
2109518
38589606
12136045
1089404
34028667
458666
832207
11351649
37495225
1036568
37468752
5851956
10324354
1093161
17904700
27851280
12403353
73493056
7640684
9631188
42517276
1449024
20824614
58366332
32562467
53772331
22934348
42921190
64580571
36065487
5057865
17825490
27428167
3847910
8113292
23068865
26973637
22813509
729989
22374854
5754096
483156
30823851
6126525
11568869
18025820
9499563
6285760
59712440
10799149
13924297
2356809
7402140
15548571
6213648
8841373
30353532
13981516
9734400
5574069
3468409
1101990
13579053
49718092
1082888
44430414
728924
55639578
885212
26292464
498085
6544710
51304029
430332
16082629
9427539
755487
20232296
34061347
1016694
7352148
53284843
28543284
72055326
3359480
4811965
25889320
3402961
2021214
17086098
22280653
38767548
17994579
16692005
7991685
57719766
16215629
40596736
24488232
6192055
25451811
16452678
12230433
6570655
17540775
39433911
15524628
34597785
6809562
41326892
12531793
38347896
25774978
7388388
42712330
35870472
9352630
42592788
38065125
5891238
119433
27285919
3158750
24261288
48804795
54549211
9575191
566550
8619076
61369464
7275609
27307605
59353722
6143861
624629
8498244
42401157
36498297
20867565
143732
5306198
81180562
914949
5056456
24708735
12460779
24039795
14472904
534375
1005156
60162478
28485366
13219985
37441194
40727232
6941075
20086468
63371916
25580803
57275724
45178713
1849870
25205570
13853700
43516876
29730168
23505025
572010
4816756
1086816
13000775
26901528
15946866
3363980
30975203
774072
14753256
2326115
136755
52966520
6131783
563040
747269
1569597
36243764
989895
325475
897102
1759017
19230900
1656932
41999901
2222442
36796402
37036434
31474260
13759227
67186898
68119376
16281861
27295264
8433079
51193162
53268678
56417916
19250191
45347749
446395
59567023
65261200
59333067
3861702
41301303
927342
15275015
33952813
54204240
6492296
305820
1980194
10757171
55478565
63577240
6253686
2112499
57713153
13801410
29847873
41894373
33283944
25839607
3555370
37986894
32455570
47939584
11779776
3045225
1768525
14552118
60134790
28844750
1517130
12272027
4091061
3894759
3470894
33765313
12869443
15560325
680937
6461398
3359928
18892191
495326
37089956
2338678
31592205
11848125
12126282
1424556
11588389
30158451
33548330
35400430
11626973
19868532
347244
14706122
3312960
70213739
30025609
27011517
47524786
78407384
33448204
24469582
6435461
15299541
42610461
19306363
69391871
34314275
12924285
132763
1077885
33392502
4769443
753709
40785348
5509204
34676294
48234366
21994409
3588375
2454128
56948474
766682
22008071
9904149
3971130
11953259
13832003
4744274
12811220
25249438
22802688
2429975
15682010
12479191
8548386
48972006
47155151
12720260
64648014
50472362
20441720
18403790
11106720
4446846
53736325
1623944
30070767
3868946
35684529
33939135
2741204
1681503
8936256
343062
21981494
3317577
13233578
19887201
7381608
39266700
51593814
33013975
75886083
47771136
356843
86351450
1813760
29885835
5321143
28976423
2346217
16027227
10864989
9178209
31269393
43759168
3379860
6466410
35447400
71623949
53457374
32728524
850878
61324109
60729863
6346710
36368784
1077808
5019365
12274854
26528840
2511200
15910386
12178950
65342520
37707999
23691908
34383455
2797579
65544436
32372241
73519677
58607390
45990005
981825
37090970
6478580
7281891
5213000
66640410
36103950
15812006
29610054
51017850
21580988
60974886
25435782
8215158
7314738
27091350
16436207
13356373
20575800
30139459
11341915
5165892
1771905
23501232
43066482
7555902
6588135
24793614
13087825
5461630
6669827
15974217
10473656
32450726
20013216
25312383
8582360
66729520
17526231
9900612
354059
20726845
36906737
5522515
12394627
23993434
7745865
33576023
1163334
38461521
37254006
23659938
583144
18177045
16381260
5319421
4611280
32781726
19456008
5697796
17072556
55370826
25072669
23889886
996133
5874601
15561000
586475
1462921
4254964
20561502
38375
2643186
9188916
7195275
19821699
24327770
9810345
7155257
3646424
11061527
6925941
26153070
8605058
970299
21913105
24387328
17479640
16393200
14089800
16153122
11650977
11020949
37121289
1202797
4084605
9532710
1987860
18001876
42679921
7214910
1376606
13436328
14629888
817190
39877476
32070220
9737165
19216882
903633
27148967
79234110
13178448
9484748
23695271
28095969
25898438
398952
1596803
6795915
28559103
41735802
22956219
33170363
16910672
20031535
12612722
10698720
2792731
1002645
8814875
26441495
30416354
2359692
3386529
269836
729874
1618935
20840220
54960151
4069097
12519513
9354650
67946427
53011
6152878
17755050
32880267
77758188
13309855
14698008
3677103
9030132
9984000
3228828
8853094
2021526
33620895
1778787
10919400
245931
21530800
28317428
813631
12048078
2289171
47687584
29494801
51671088
2453942
3941520
3832719
5134498
28623940
1186103
2736195
12101936
20790871
4681980
16873345
7092222
11670944
11625887
398304
54343127
28359263
8633990
47768603
6775890
10505319
33344524
23302268
6322820
2564661
300428
10075015
9548422
25129355
1206690
13284127
8059105
70854990
76771
18361298
194142
8175831
14409474
42360939
38422604
20056276
505260
22642675
5979286
4571314
11886210
6150821
983624
9539938
10263631
127354
6696393
13349042
12113980
30153288
476818
11961426
38147373
5636833
9078609
1533853
22406647
46173371
32048082
27094142
38817602
2657916
5164662
56795491
43366163
31793216
65859062
10914262
614694
31249218
12610371
5000962
5644053
11674169
42873440
400338
35633835
60362325
18505329
22752657
421206
44869959
12632542
65660615
14943723
31738230
3311767
12939738
30291623
32641
436860
405487
5463189
14397396
2319221
6781796
20364949
434147
38095411
6646257
10187556
7871846
25894137
5880807
4275530
536859
31739891
13404727
25764215
17861317
41524000
85238265
14319724
44377410
16992657
29879243
25791130
19886799
18829051
3383300
4564845
903321
6507757
61149465
36391839
47203245
3294270
4140235
19844509
22986813
13896493
1034667
40606298
28586845
42658585
74740264
5112779
22059525
4197855
1405050
52231549
1280254
45379372
13082913
20393424
7526791
1419320
5611230
5969496
54083157
22278438
43425106
10372731
30950073
32032831
5471398
30826719
5907538
17231480
7377930
6526575
15042994
20941925
5757103
27637009
23850450
90812853
57384157
57992133
7812158
4206991
58447755
6731309
6829916
28901677
213441
27204638
115425
668241
8228812
36188604
15153550
68026912
14569278
36603728
43065810
4842246
17422566
40681887
52628040
33089913
48241667
26118007
36779225
22093453
25492980
3765876
27852675
3120282
781904
21239934
1033032
29820921
67686885
20414823
8512718
10764154
3747409
3055160
1519404
25578870
3408680
13074320
12566667
20221245
29838303
11444046
33693806
346120
16387101
46182578
34279428
63431952
2058624
24313527
43700166
21892306
20792502
8859204
7012463
50190762
36347142
4774049
3416099
20176274
53468481
14727803
21124157
3032678
5595515
73778949
27053810
20997138
36920142
39168936
11519538
51923456
38519175
1724236
1109316
27863272
50705950
47479400
27575574
37286652
406219
37246239
44459740
48784716
31528035
6183698
20919717
10618585
68346469
8180088
9248284
12705693
7325001
39401964
57426000
8368883
57275309
712007
4648797
37911705
254935
52486808
16314275
3591328
4039137
21513864
146700
46703815
2392329
825460
42068586
32100053
4898266
16138080
5970302
13155330
23216936
9818702
16723806
59558730
217832
3453474
25817177
54515504
25916750
8310875
1174155
7209376
13876330
6264543
71123
22555260
31524854
35933220
23171544
14143230
73948192
1043262
5526515
15620301
30376168
8003116
1114485
9356778
4042337
44477984
34576611
7673640
5718945
57853118
2889370
1538044
54050229
47903048
31975290
9731700
54511197
70537716
18473242
171054
21618422
47471939
11940368
24542918
48033801
70834756
15263936
30452090
22685216
47986443
18990660
84498762
22618778
4451472
35388359
6929806
18426150
13135081
168745
48844959
14886797
28072167
548502
43729946
56323491
27925425
1693398
1298864
62757415
23545166
1716030
6237330
42203180
45412488
496713
644167
19525072
8727099
86008930
28720554
65307326
42538540
32471280
1509750
7626015
4356693
2353233
30315648
18418941
489719
7377771
24608023
19945593
4929297
3432555
10498446
10283748
30322824
25819461
23155256
13678001
68892425
664320
4355754
13920439
3289657
179406
16782335
228631
467084
145638
32373046
3655245
548778
2786385
40584500
25858107
16904387
6994215
23103018
27781929
12432
52053105
9823535
2621088
40005609
33231984
3937244
37107771
25514720
764405
16243153
17243697
15153939
4056026
28215221
8889247
36663143
758275
720422
25036002
44427919
22664862
5641766
27251752
249427
31280115
36178185
4520582
1809342
83450724
17467263
20947149
33807530
27474447
279801
18999882
24111304
279546
44092020
12044735
23710848
42261966
46220282
10203570
844624
5777933
522973
59724933
18595716
29232450
22759943
34989111
1801109
4744935
34650846
1370187
488502
8629330
61431198
23948594
46635802
30515877
22232000
66164942
31925850
58128756
3599247
3933355
34300120
14109672
56753730
14794957
674440
48299574
6814760
1516284
27271881
29275698
29822985
48086298
2174362
6348965
33206981
62774326
21572884
26452530
29204980
37482729
34965
6228465
42926582
53942115
16772568
27272391
173412
1056559
9184224
9804312
59895144
23129641
8615235
19301530
24987676
857337
1817879
13151174
25071291
14352704
5310430
72716049
27577789
40531023
6323411
6299854
10056368
444672
8759525
3757073
330132
40675149
26973193
7399940
289275
725543
547943
3887834
9571487
2780389
16149100
31749120
49562132
19394415
366016
478846
6210204
21924923
267605
14955591
7340866
49870498
27730921
51167019
14204721
66682151
27075024
55162280
2161713
28821827
62720307
954344
3663004
9053370
49514667
40603850
4304238
64621634
13240261
5731842
35924966
12844843
205622
2512008
20567198
718437
665875
117402
7857480
810075
4523120
23235255
366363
3457937
41009775
2577907
16762311
28205529
218234
21029235
44257453
231021
2676210
2092140
23838647
76702885
32967219
7403729
30281904
19617991
22214600
40505511
25299908
1391076
3859021
28544295
80401866
6319995
25586983
7891040
38710068
698863
28247352
12182494
33555742
23280575
72647558
30340502
5373578
1917696
20990470
1820621
3561395
5297121
51594840
42364211
4154552
402056
26146893
52585995
64708636
29482299
25673712
4000410
21686217
938490
4409587
3128880
38626863
16823925
30782135
33651098
51322843
118615
6191181
25714026
7872620
27183331
10454909
558960
1863162
49205233
7361603
851256
27100650
28605562
2416200
6383316
51658384
34624251
38775600
511112
45230148
26994729
4178480
10562028
13450330
13321387
1362225
4641984
7788501
41797001
16248578
22130416
3089076
2888890
8477325
51197874
26552130
48207965
13530875
10751103
6185857
1018620
15035592
2454655
38157248
937855
16465281
35948983
55061643
13561631
7883898
36421751
2866350
8656639
31210839
8302528
65903652
33923677
18416611
399900
23051661
593092
49509099
45222668
23935272
42213359
15580626
34758844
57336171
17187548
2901236
77455278
488202
2382271
8324103
489779
1895406
941841
13479884
24186081
10055063
3697009
1708176
39499664
882806
48712101
54437218
23824800
55025268
68024193
16427392
495978
531630
4024011
15627196
20737865
780383
35183873
12336307
21005568
6299029
24684138
51276240
10555904
6671214
10296243
4463044
17762997
31404822
33349743
3055104
17613057
33376465
646231
14470848
27996904
35786929
20521401
1081672
19625004
9338994
27058530
792336
31279436
27585000
184098
12849360
2668423
7787322
17297514
86675300
33595425
60708194
28396841
6274749
12627416
731511
3908205
2359980
78037594
652773
6521004
33988600
5246724
41622215
13324806
31650860
19320670
13275306
23537217
3669094
47919659
29951853
509010
15570264
2553512
163900
23805253
9263277
16678863
1063500
34530968
28236276
11239454
13269762
60313716
1633283
28871478
29034463
19108969
64594335
40528456
9833916
642779
235552
56094729
22410135
40668479
5930142
4853772
7778349
3224845
16795645
13900189
69790413
4502915
16460886
47244621
3679980
28584525
124797
26178658
23135651
90978840
66633689
1861866
22122397
3025191
7191783
16883307
76825886
27618005
17596584
567331
28960082
7431570
53381488
391014
33962670
18080242
39811096
18659433
19055148
800233
7456790
69554801
13820275
6316164
35943783
43972159
7705045
19464314
11328273
22758495
46759230
23660113
2405919
1240339
4118877
3536765
1014962
64074163
952810
80922789
27297202
25207673
27578880
27805291
31106994
45976736
4974762
52118670
10192356
4415571
4890660
10189971
34834104
538473
27973945
27728684
71861643
10540335
4669280
16816825
37501326
41326960
7152663
51879465
85979757
15200375
33106248
9299985
4324260
18357492
4640432
7216118
11421854
36028181
58534969
52253454
44092934
3164823
17905923
3035376
10215312
26573364
21707271
19207767
417911
6507645
889863
21924137
7131948
7428669
44617881
562039
32309609
13606164
9912898
59098696
14627462
53638458
31084625
21792968
7937248
22809404
6917718
4220145
2516938
7871828
13919452
11107508
25846347
1580185
24559807
29646855
8983497
398879
1057881
10381935
8796240
20481679
5488283
57718854
50009445
35329151
6939000
11292687
7923780
56007349
39880587
19965891
14120673
7991113
47244964
1329735
5225472
11988009
40078123
8121755
594573
751914
42895200
14025312
1048628
14872762
21566853
24116623
23780140
9315605
1100234
476220
40111361
3661839
7921935
38506559
16560598
589976
13079858
8367683
6318144
9368071
8384322
12291534
77551252
12557314
7793910
7124477
12377303
35615325
2846780
4885185
1610627
30082230
44050573
56954826
13629384
24309235
12011239
21310443
54989178
396785
26948118
6110985
36309529
11682
49739493
1449641
31962456
18976075
43974328
6961370
25516436
24824628
5792788
293866
27592314
37348870
14420208
28005297
60971660
6618444
1463352
17940000
39135373
1846657
2231970
9182811
16826823
32550053
44499871
22857200
3257730
23477683
23190330
451915
4901800
494654
9302805
25238807
1538740
259791
24315050
26289026
31246272
3919368
27844481
68108070
4574290
9879621
33745233
788636
2886057
39899769
61384440
12624048
2469615
41577722
4091451
12207808
6039632
7633664
59480973
14450253
44507574
6414858
345943
38739708
15393527
17193842
58904386
22316573
5292846
1324395
27361406
74802286
1454742
4259190
16540275
27748238
8953280
40449101
23757252
3962130
23175672
67451580
22901289
33849657
29097182
31983403
22082730
1769355
61509109
58032280
9277956
14837148
19228339
18159973
45657692
76456381
719550
39045694
27704237
5074071
21627895
20992184
178916
1523079
37265785
38716353
12449248
5258250
57368052
10483401
36526726
7061262
39883872
1809114
29705746
3103321
42644875
9895644
32150774
3871425
5329728
38536873
38287868
77489584
7121628
11862950
2600097
28531726
15719996
57015564
28648290
5501761
6647904
33684042
11524816
34577994
52746405
22346478
1858034
15723933
7327527
12174000
12375563
42020594
36620376
4105087
22640693
7492959
11487225
6148798
308862
23265918
21874436
11732481
59375426
3836562
50124717
55855728
27280769
50380677
7374519
11562798
1239892
3234018
5367669
957574
57978654
6165258
23699014
45268693
12602450
568043
15508422
9976232
4444027
86775302
1624527
9065034
5657707
1833704
41489901
4736019
31266879
48414622
44533086
31154494
33277860
22845896
46486915
38499741
3174498
48970229
8279193
8241120
1484495
3532815
37887432
48876645
52629707
14952719
5642256
24968454
2502300
42236463
50424012
44532218
47835390
7163773
31689764
70553047
62917552
40592175
5042972
8004590
44143445
5966158
11810744
7585546
17068850
6249540
7872131
21398750
4362750
61724224
19280689
9868716
10456703
13771925
12051943
51201002
18506852
15718459
50973345
40440771
9703770
5018654
21588365
906602
10688622
13227759
4551336
33764350
66898306
26313294
19320868
5740984
29100870
40752790
42770881
27272700
72349137
21962617
44812080
3732761
34280015
2476151
25008911
24663352
27406044
2499203
9100954
26462790
9377964
25282028
15466458
30959261
16666925
5677476
31978799
36408611
2800170
69825789
43135016
5065263
3889578
20561303
19346352
20456107
18762500
25551603
16913555
11651958
45358137
3282619
2656574
4918095
16042050
376831
9160230
13140270
17395063
6813474
1277104
2605684
8434415
6505055
8267310
62936103
48499394
24207909
3928640
1859876
42168383
24634393
50587927
5131203
11671398
7743391
15245650
25945274
2444999
40754311
13337415
27139679
30193295
15207230
68994105
28614740
39130602
9031013
5673546
16103160
7875690
75773764
15070653
16596031
34883550
10595820
1844700
44506460
75016017
78789060
34697808
46125266
4192506
59136623
54082404
62028150
46862016
66331620
18761116
8328922
47015837
1864467
9529893
4736370
77263621
155307
28536768
39193432
17359195
27100152
39726272
13876736
24478945
18985359
17212224
53704765
2376096
4563115
4106604
23751558
23452902
27285699
24095921
42063228
57654758
19423778
8142855
8138067
31663582
36293159
7658979
9989351
27246689
52159493
1232866
38729182
22992549
31491845
31642780
18519386
21682007
28298350
31424130
10078457
17209049
2383290
10548406
12817898
22844479
6532149
15180356
4711895
45699794
54199141
31504423
11083133
13600015
2745492
6387118
1989805
19398915
9729659
39590978
294000
11921338
71908200
14050960
14389796
18961239
5761573
2802038
16272234
48426950
11457105
1706873
103441
8483750
11379136
16961940
11329075
781468
11353781
4504752
1852998
635994
37028680
20797937
7315434
29723562
39775102
38447593
76212704
55771782
11494385
15167245
17033912
36340641
20920061
52641495
1083792
25209874
21251545
13796217
30890486
2453202
44914894
737278
27782199
1857647
14629656
11099812
36867731
27380490
411590
18444600
6832980
65139503
1216503
7098692
17110764
3855643
577581
16391412
54774873
16087230
81843243
47399889
466276
31274323
13302825
69859779
38913443
55953027
25944104
10238805
38298939
15646966
6350918
60775817
5603065
14123650
27771975
8823818
57139799
35066070
4240729
30692158
35960188
5722666
24719468
9013470
8890476
62249377
34655503
8535534
8860983
24337260
68622995
2878907
8915517
32590047
33417734
20767678
6498474
12042960
5891100
14922440
38176896
61243573
39430146
14449680
7964225
9919764
26411302
15038027
14903761
11195476
17518842
6979820
25914933
15917850
6888168
70455201
9737481
24405644
51528075
4791816
2465050
14342240
50479690
58938013
13414971
12569382
15294310
49392012
51135840
59513559
20905844
15971709
957393
7436623
48002383
65703808
24757403
61821044
13620515
33564912
72433863
18258349
181012
795239
19069558
13850406
17907627
21661995
52580931
35501628
799091
3183537
59582919
10319016
6325822
7019460
19006701
7644195
30530790
36262457
46300612
30765511
25359177
20162496
15116472
19446682
15878026
12204180
8890379
12428137
2007204
22451538
444827
36002120
37158129
6099109
17799255
9161433
824681
11861682
39040164
9010212
67302189
35216060
801092
4562605
18904921
9360760
14596425
27899775
26030523
831563
30869490
85458408
7539492
1444757
31043580
673650
26525874
795585
11727821
31470750
459991
6417450
44100225
62068884
627261
38435520
17121335
20538599
1694211
6351422
516744
20326875
22818996
19192470
19514171
5881828
3984552
23089414
68772956
28531224
24829800
50865322
6221766
13586268
42226680
4561358
4501215
212780
806265
16850403
2700790
9421014
7474660
69085139
523467
8102582
3047319
36204933
69158752
5193396
21773418
5193970
50316862
72765882
31508981
12369262
8331714
9200355
10283610
25625730
10283752
43622691
68911103
25313772
35100426
55493568
2418063
25743909
25301373
38056642
31119588
21968222
3477370
42843062
17751490
5278976
10186386
12816956
45327360
61704412
16191090
3983586
20418991
19926630
40973536
20134515
66553170
2832926
9166859
14090497
2718857
574115
2635725
23834854
22988286
18044239
36484299
3511606
1396845
25167284
33918839
4211119
27188640
18328533
20942943
5966833
31616984
1086561
14915106
949021
52054267
600929
73304789
8186221
42671283
46264421
32575725
36286763
63472741
73675899
56068307
26654197
10539480
47854900
44901791
3185908
42216699
1183749
4874947
42959891
15565680
13048452
23853004
1647756
64578555
41539387
13261101
11065005
31992387
32043936
9543225
33502122
17856758
563090
32378828
3966083
545794
6620508
28101069
31822
3255700
30547602
19664316
41852648
10050077
1521579
3401001
14756986
19630355
15990592
30618690
20215680
15754780
31946138
31227422
44888114
1960686
23780304
55539594
30854796
5312675
1308853
232827
18383457
21859336
8407740
60749130
54872736
29783790
45913460
145834
1236427
53758010
731744
30150793
3306664
27155947
9953120
19836783
29753
36517320
2791928
2547825
50026070
9076335
59531098
12081013
31523005
238658
54911895
13341520
2580936
4360482
672243
8504146
10950188
50696233
1719868
25985040
8586138
18702491
8991422
4609635
17630246
5709450
17145251
4356846
8169340
3787816
36698450
219068
49300184
16201695
4943682
21018643
36820350
76296210
13339104
53935083
9172554
29129829
65746788
16270263
14805595
11202074
46902004
313112
67823590
11527299
2290234
11952096
3087106
10540530
15785640
825129
6103134
29145514
45481212
4438161
1662146
2377806
26722767
2019220
6953925
16608387
3790043
24907576
22690672
60746714
2645427
12080835
9019120
5051403
60867342
6886138
48669
45568731
30761616
2710838
27789021
46629655
32706385
30675651
249153
10656385
25449996
5543379
38113044
36713142
13745550
735142
168438
8052435
28925672
112200
14455089
6156332
57747744
67226929
5480520
58808595
13701782
19632154
50527745
5646
3133900
27043786
7206296
8672282
3610331
9856691
9896340
9887224
6313343
63575634
43251000
28258065
28593306
58664021
4950988
23459238
17904923
55005409
3372236
2367630
60550237
158170
17361367
1390260
30503128
22934278
84965031
54980385
2684016
5729931
27070618
10949664
31344599
1479128
11916534
8847196
14298443
12407544
58877424
46436907
21326530
602882
4347630
16041609
11167272
687234
873829
50158941
2615846
1595580
22775940
10892753
34538538
21220436
4802319
6295338
42259580
484239
8085129
66537257
80001350
40508586
1367718
1149627
1580699
55790595
19789666
13750623
37464636
42307369
11415577
4245601
8847916
407728
57681844
8350491
6409422
29139807
73122255
18506727
10525439
53393792
13983351
13754210
1853800
10459578
4335942
20925548
20279139
18256907
3021816
10854873
19790977
27686289
61003853
35616387
80504660
13206795
2607618
44263246
20556252
41114351
3554122
28344133
37853266
244129
2986566
15798798
18918507
19545741
1436332
45618057
27933345
396367
27424358
7210213
2652627
4029583
17216858
1367093
39988250
25541471
3687460
16630187
49357896
9803175
9891154
1562484
6193789
23900435
1470003
8108186
3310553
4253608
19084940
85631893
13068781
7704165
5395777
10760307
9033080
43855867
3540694
4424637
16057344
33067944
68006310
73446411
11970422
59124585
43264689
7087239
62731564
10646740
3966408
38871484
35089450
18043840
551148
8199549
58161801
36868002
20798281
2395062
4701723
11707452
2957400
32931642
3705820
1937055
34306278
41865955
12793464
17831499
3246280
27531412
20882052
21923971
55105733
3459269
37574400
15434847
35990486
1357499
2226345
1979979
24383896
21699168
1317240
8441972
26769186
36517615
4209389
10968400
3213480
1941496
26275781
13435826
5783900
3494385
18538999
46439380
1310422
78211813
37143913
3147132
1728921
58644777
6517746
51269544
9556202
10960620
17818373
37309678
20175985
59056215
53259747
130393
32798326
78545316
4600525
40300748
65707264
57317923
41688522
34633025
5719660
33260009
29656416
26691339
1461926
5659040
46040400
18875936
42636293
1310343
5933745
13897360
83274882
18023764
4050095
76329216
15316952
55357572
25256088
40617974
70007863
55486554
1562919
24656906
68386410
36087667
2769417
3443040
19005215
14720673
4099440
33827977
45930456
53934758
11578220
52296060
8434742
61845761
6667412
1438794
54162747
62318836
20212193
28181705
29844900
11659005
10674759
44049326
39650244
13573296
55689467
20415546
12249070
2155508
7620120
18959065
610521
49616814
3231150
36419378
6000918
35973658
37823868
48815222
33861035
975444
57429825
43423110
10292832
17841798
2060294
1317328
5392172
65457148
53694088
73041588
1727864
16538358
30711486
6577570
20602090
359138
52604584
519196
12838230
9832771
15584947
60939971
793252
4302844
21695937
11938179
7668780
21422192
46480156
888371
73665072
5303291
4556238
7923834
50489532
30962346
2651124
888867
64781493
28759731
2150310
17620416
52386325
74223252
1107001
9271657
70007525
1267560
4509072
35561965
31471633
14827995
5251008
9629118
20592347
7125975
5135544
1739826
26250427
19628710
20595978
2067590
2806008
14621256
3312430
43264935
30496725
46145393
1389101
647460
3317607
2019675
5038884
56979165
20934955
1164118
33572673
78922732
71927046
18860488
17724830
27530423
8766298
18638955
54339982
17590010
11916088
34182081
1812192
2428776
14236337
1978919
50757000
18164125
88757668
6876741
2676888
14865429
10094986
58974516
7962448
958284
6084258
584415
15027600
33832006
19521836
12278926
16357653
34657750
46499647
9248181
6490267
36604353
26101872
15005500
7814510
12959406
2370819
11474036
29862927
31390481
6639952
15189455
55482690
16472387
41262150
6965227
53630220
26807994
960126
64678915
4527126
40421227
13222256
2280
46811698
3032248
404695
37392265
34774634
15165127
4098679
43842902
46664100
23184342
7761520
48577734
16708943
30438353
17736678
157528
12158631
2259750
57460188
33690386
24507030
24770723
9323851
258570
2041865
17410905
27848675
35095278
15850680
71049638
37115135
39941995
9241560
23417790
11211229
3032957
18750038
13209636
53082946
1300747
24535576
42326935
36367848
7854198
12354932
781921
4680330
6140250
1817622
759861
5941742
22849488
45676461
36583579
8588812
7419552
37061511
3102600
1030018
502548
14459065
25159472
7746102
19535509
38050148
1004994
45623681
2920850
7078059
17747895
47683452
1142274
40123630
15434919
6143556
71334075
36514347
4374327
26632220
22536406
1066515
880092
6262143
4696983
48710040
18814121
22782708
6797259
1344222
34290214
2844423
11109870
670900
9981094
9230802
93502431
19516284
31395438
8245380
11394244
35170574
21888468
7684495
18750113
56952674
78387543
83887251
2459422
28797252
56447367
723111
73204639
821804
1061488
906810
7194534
9750484
6678558
594414
796533
7038192
5903081
705024
483038
5149687
430848
5404003
4478548
14035741
2899656
2686150
1934351
11364841
416636
12054921
13713
14345184
24266484
84011343
19657095
10508130
5356191
856795
4510950
16517052
32994396
23194623
28019434
11889087
12397748
28579110
1825644
28046970
35205480
1388989
42154947
7610970
27218951
613728
15183907
30215830
26859141
2970045
15070194
3321518
24137308
34079457
27785835
68337772
68917747
15202227
12490792
43906763
542124
564558
1087590
28681725
29630532
60778159
25666820
29551938
3600506
1517488
2885541
9422576
23013503
24580916
15631816
53664933
45071420
30309152
4448843
493627
32383175
23420882
4208845
35902784
71196753
16209776
27472174
12492678
62989462
305742
30045071
66540745
27274605
28033827
1978277
13582720
39673745
59234100
57966581
1316847
4799015
567190
28638907
2108520
11187377
27977817
10884409
16891246
38562642
5744601
36172118
43901071
5439534
201858
19163539
109178
576904
12725856
16244600
18724013
4649628
90281226
933838
6694498
1623818
1003101
882262
1279946
15492025
4515075
16663828
14377388
78872794
264972
27829263
3635010
88379610
40165275
821548
1996398
18008605
11432299
21695224
25635710
14972583
21191371
74548677
16053586
11540
11876832
13119827
26036215
28760835
16398059
18349152
692790
23795500
1351709
50166455
60669300
4085230
9293304
24115475
27555799
2462086
15530684
19462720
32351808
17749809
34968381
66711634
26968268
2737455
62652462
2193438
20052831
734333
13716048
33194928
5520102
48285900
13232268
2195380
48209076
4871084
88480008
87770774
178526
13670775
4865994
38709217
11105296
9692805
1034352
20518624
2512536
555671
58175225
24607080
40531083
2200757
23060869
84321285
21967563
13637500
476952
5543356
27026709
11113500
44475200
68126526
3561418
15228975
21752892
15612597
919388
47556405
580265
9646673
2634362
9966501
11153417
44801292
60742746
36206248
61548768
29363895
2636316
12569640
4171446
2528735
23497601
4933511
2121720
24833110
1473612
9987523
23525565
7908139
10923364
4353389
25963274
28116007
9631813
8188622
8584335
30475154
515732
67825430
89471844
39248916
27070616
41349837
45746193
50669007
34802688
15753879
227038
34232508
43176190
1332198
31259190
26544698
9617040
4541628
33654670
2152548
1208243
1531110
18368392
39984516
66824315
667002
3327300
45901872
10575225
998352
86007523
9176745
55891290
2698084
88860030
10352109
1258049
3063270
46919472
31421415
49901198
10533216
65798312
15373181
20277957
2529293
41173704
37237918
40966422
10790663
30753576
29849526
47195123
15649248
30872273
1832878
1298157
82467651
3918092
239634
10697556
30440574
10358663
34404524
8265840
89392117
9800479
45910575
33720471
892940
7335504
22257219
15358911
33542067
530173
66004337
50459357
144599
3490464
30287530
1888797
54035346
2944514
30175401
77688549
1682519
5243760
51242414
11919403
25496362
12943658
8880419
27971626
27891746
23727862
934954
8000676
379411
10319508
34228036
42136950
1469160
41738790
36796609
55220067
14093913
1355065
48268512
18913505
19433413
5863358
26025712
23999151
9015690
9591578
513927
1896071
8773090
1511966
5398199
20671104
21698493
50996908
31156059
33237109
12553383
10197242
894867
8817399
39578463
20965595
2860866
33774356
41005839
12085125
10945545
25668820
13435283
5816820
7832739
5033448
1681137
535164
18235975
86017734
64280445
9913314
35878297
127386
7457112
52261476
33419434
40200732
45447612
3690780
10490547
4514276
25775935
24373269
6783601
1646631
81425552
21029419
9574803
3846217
2807325
5446836
3592512
572976
142787
45795789
28626580
3400604
33251490
3265134
23961320
55077517
19642603
17897638
5179839
37940580
49210722
23337972
24448809
13820171
15444796
22540622
13724914
31632375
32559961
12656240
33297443
15275102
11329498
2032776
29011179
1704851
23720549
33417933
78312658
1692357
13022490
13122221
16811838
62155375
75550295
40853958
43668075
19615033
19390319
69254496
31607213
15032520
177280
27946846
51104091
28574598
23565337
51443818
1250410
5021712
40558903
18571956
29738045
56976112
14183659
4973720
2159714
23633245
627201
63607847
30907837
12308692
9300243
7862958
17003965
24632190
3848140
33311798
4447926
13921284
6061461
71491098
10377975
15546340
13712901
2795518
17527847
6764772
68641195
17934492
4062429
2550500
90525598
2594256
48188559
11007366
18632826
61291062
219573
1687644
527301
1846404
115299
9284843
1467174
3441434
3621105
7341128
2241195
10033451
2626995
207333
5118316
58561248
2321641
5138925
19349972
13772278
6743305
17115447
5838966
20643229
10891633
112692
88133
4250693
1495449
116076
70825548
15000120
11003980
2411562
22747230
35036605
3867795
9455817
3064550
34250452
23797988
964018
4705070
1384478
20112978
36723594
9574422
5731539
6777969
3406968
32249205
25311145
1773112
2198988
4190070
44462799
34439563
56653740
19207352
22359454
35444595
2863431
37480135
557382
11373267
9252006
702480
484142
52656297
567237
41243094
3307072
13529311
37006543
322873
67429580
40341881
26655746
30213275
5877153
10194135
2726265
77937534
1539304
49329306
3656546
47271
5938853
7656310
30591441
1321105
8229056
8617821
20330054
54330235
82343159
11377800
27421272
8370873
34811987
2468232
56543053
9277269
16040475
926799
490711
20208504
23798064
10072806
29648658
19508976
8267742
26451918
49769806
15297738
6113857
3709757
36522945
9347325
26110549
25128414
8614190
24500526
39903684
33815043
64467673
464121
354684
9387420
2381878
25958812
3132388
3892503
826515
41604255
40170880
23357550
8226800
7611924
11595756
37169183
1821941
47240204
8085802
23257071
13248840
12812325
9319150
41393316
1930779
2398066
38125427
12550297
69377200
15474420
11570939
37774638
20051976
32744240
82920438
11209433
625635
181870
1531767
9500167
28590765
9844981
38965386
15754484
18602868
7174972
1116430
19571475
6563652
1759271
24478502
25847091
1343627
37018464
26332098
30784565
44968157
14755500
47403196
45390057
4433524
26999685
24733479
56266515
3351567
8842350
61503750
82794758
16655412
1596118
71814962
56621
88560799
23197110
4247610
10420812
1206718
68395185
32131140
10644988
5804355
5935127
1125069
23107701
8667852
78418931
35896889
24560212
12200288
19942416
24321713
9922560
13221220
20466138
6011694
13774705
1377937
19194318
78780753
8479522
6545784
12828480
14385024
17836692
18204318
5738976
5700170
51119061
718192
43543170
9620232
18847766
1369845
992220
30458413
17564274
24997793
29010058
25222533
7145593
12126856
8877336
42357756
6931587
30593959
13830970
15593981
56899789
17197224
43251771
60068450
233074
10993707
185609
57202107
33016546
26393557
320584
63230
60523252
56281674
554382
53848190
19603066
32174680
30506835
48703098
10395994
5647655
10572220
67221607
29581903
1076505
2521620
4595119
7553700
61754760
69740800
32945115
165708
9868710
37754666
29739336
13683060
21173077
56555151
78770175
25169661
1641280
12279093
312939
75829454
6590630
5806486
62409732
8285326
4555197
5970250
50184039
5503302
57616590
2682585
44110629
3652837
1644100
40609325
17745392
42704411
2647866
23780346
57783567
3495821
69329911
52835230
38308826
420512
1643954
60700266
50225616
11368080
2867244
13545609
71884888
39176396
6768030
24073342
262016
6234318
1799059
3465058
20669157
20250443
4803674
25791579
595280
20046185
5948768
17226815
27670024
26119622
27193530
17779650
59416770
58882522
22185228
273293
5395942
4246115
21249718
31122261
1645620
40722671
848318
17231796
8941479
2557665
27285620
43114503
23045625
5815391
5587102
30745191
838655
47781162
29057029
11257377
25408986
192728
24521412
5369572
1211701
5343296
2619020
14197967
3481827
72210594
27225162
53435568
37248686
31697407
34001856
824417
1346587
1135657
20840050
21664715
88342653
2561939
461004
14409373
52394650
15525709
1701651
9731429
73554462
14617926
107060
64429334
1602089
339334
12294492
27116496
5803512
2175908
5286996
58081409
10898086
3943908
10849124
13088891
40772323
17969013
26272835
21335185
24831714
49814254
9076914
46692771
6565284
1360821
37714126
52968075
43140720
6738527
51517620
62930641
32885399
12974242
15071124
12441377
18326043
27426630
14110956
871595
36609604
6053268
71771
3207819
2614013
2303047
27382308
70759267
17006210
31801421
5707480
5899734
76612435
38399404
30976803
24349737
208544
17326134
10552410
19183005
22367298
11435393
3184258
1973855
41726937
4969451
3880644
1348371
5735767
8418277
65794608
611993
481320
1463924
1277026
60561092
2672757
24052832
8058843
24479284
50553084
17293850
20771352
1780669
2522058
14673420
16067672
63532392
9303171
1610136
283033
855470
2295450
62775245
19323900
15167892
3137292
14687116
818327
75971033
7925274
26409308
9439789
6411540
32906149
59473860
17630436
49723001
10500784
23429485
427760
34153152
649431
2549575
19580259
343287
18100966
27172449
5171803
16117134
9972402
17271836
21041759
5488308
4677300
20360508
74478040
5694870
5359640
39812023
20118483
11465020
4375448
5915871
68157334
14219382
18476001
2586640
3504880
19882665
922032
22370585
328481
8957661
13957294
7030101
2301385
28319643
28300222
9522320
23168952
26445372
34714657
14570969
24681480
4987291
174655
846315
32266754
38541900
29694804
6237538
735475
14080499
23296894
18563310
4424796
17448398
38458805
21077280
21914768
41640953
21706699
22021604
43294096
18583200
19963316
16192222
26534304
4561911
33855472
42452919
369660
22849725
73571202
53335674
43861479
3412125
19593995
69585709
30300324
4572110
9024842
5823294
7433704
1657587
8688964
66482131
201585
48111688
3466040
4705826
75019795
4447596
3092972
55247106
5956560
204620
37802375
801042
44159788
8289360
72801990
86343901
597745
37053199
2119566
404217
5249165
2793758
8387730
14251129
47030508
10091086
62002119
58454838
10796751
38593005
23149172
1385289
39244508
26203884
18433305
58564575
15296430
18529003
24772636
14334501
3442754
14776300
8717462
669758
11907708
4311273
17926944
38720470
2644753
2309490
16474976
28979756
21007814
27738964
19179840
3657090
10525620
28310730
17120680
35627692
10402670
22708044
17385804
40534939
18302008
6586125
6619065
5508753
33602003
5589744
40888785
19828734
10651479
35048688
72831439
42010056
67520428
42172441
43374384
3959650
15829627
83757188
24982551
36247343
25924968
4349046
3919420
11420796
9138864
26731007
10871068
66496895
11325835
19232598
41471936
55322505
3218789
15581810
68815295
32628722
33371933
22626720
23194274
17704600
32828191
16927622
16370112
19916242
11897120
1709751
12539122
72611253
73208956
50650104
136211
23568375
16755680
1719172
26402015
23748714
11263800
4646101
3412791
160223
542080
45271785
12317514
82775067
15344871
9006311
16502804
1805035
1128600
28268433
46663874
6471954
7099181
10758363
28992594
84348315
2737574
13879587
25545844
38053523
902934
29907285
2405710
17713973
5996376
64648812
19196421
2709197
22501839
13239804
8108190
20261599
39726450
6779781
18462813
13321609
24545430
54800435
23538684
820974
17900980
5231635
4705740
28724127
15990316
81926394
22308888
43837252
28032270
26997423
24215793
2524851
8110400
47168964
22543194
51609594
23487856
55773818
906109
21452770
24610849
78608373
10664892
89837105
92966304
2215476
10555540
3278250
29008000
29822814
54500234
21612035
6724468
16193622
68690466
3894954
1367949
39919796
57341520
69196194
39329814
876735
3445286
70161062
6688680
18394333
39223415
54283950
57509298
11726616
12574380
6849742
72337298
31386059
52702728
1078947
34348334
1796458
23520172
16735224
33333778
17967070
35265062
6201967
12286984
51479591
1395143
48057723
4758851
7410732
9740439
633978
57318424
6145748
38200491
14128225
4103478
8260391
36119058
15450750
13160882
23066355
13290025
21343768
6109810
32129014
62609487
31075732
35627232
36926685
16573440
35197362
17504478
69046557
40256529
16004340
26326084
1300443
16496820
5695225
1887973
19295204
11608830
27273281
14756443
9258968
24481063
51817696
6233813
37346067
1215126
14400271
35244916
7957989
70402524
90165510
1637520
64224876
1505002
29429550
45056410
48724719
19214160
42255759
3835548
80718372
1227132
1712898
11721029
65868044
9086890
80679510
7139536
19822300
1765108
46977029
22566768
6105456
5380382
37068831
41763404
2276794
19959651
26781490
87986646
13305732
29230655
10693047
14884975
8411025
13915532
8085512
25593813
9877595
18220880
35236323
70156611
16067102
2199060
61158021
45513567
34399566
11894968
10546611
20374645
55554895
12295436
54408885
17669758
9209892
51280335
43330131
20271947
27356545
29065691
11251382
4394682
49569114
26215178
7014756
6905574
11355777
8343405
43585607
59687502
2684147
4496734
8237955
170923
38407963
63649602
8788479
3956284
41670876
3629636
23154048
17628513
66329006
19519137
89788842
3881790
18372513
337574
56912256
19261384
4949922
18216917
65733490
74310921
21884283
1319127
10255115
32448408
30776269
353841
32728065
5678479
514506
60686078
16924158
79448650
1536735
4228859
61239915
26089674
15252279
3239704
22022847
11789762
42485646
16124601
43227670
30462610
74349621
27763057
28227655
7271691
11163603
4939302
22942422
5961780
26251006
80957016
20651060
507627
65092096
336050
49833155
39085808
32632705
14536759
21544284
47047659
4073790
39546360
3625599
37828579
9002351
5540832
5158470
16167739
4198905
51723106
3557938
7081827
24062600
24281640
9817483
4588011
11325620
20942774
2819715
3169656
6189878
4777440
9149205
23156616
84960927
26325097
18221725
33451724
1905462
149743
29276099
4364055
1317300
33175970
4333179
15596150
26470041
29785968
28576779
5861195
8533512
526948
3825917
4383936
2097160
1546047
4069035
22305486
16289464
5749335
86911537
3335314
46859321
24627206
11154675
11970127
19449591
7609893
6800364
42243430
15690425
60685174
9541565
5545152
19252415
14509260
56743015
39332370
9362681
50708704
17988384
6881936
24099199
85703058
53589556
32260984
86144529
33899712
1571760
827466
89379057
7655246
5276703
59305653
55884955
19355364
50081
665446
28565592
8453396
22894343
8489998
1534871
241227
11995882
55202220
8489209
8973306
668640
19528782
48002121
3002676
8734206
2917965
4644922
7752724
24925704
9017292
2838083
18261720
19171132
15750192
17678959
26514450
26923513
4318272
20915481
16385190
136395
17161425
14803648
26343999
14304501
42348499
20170989
36717039
67826189
52548210
8404284
3129478
12077505
9448064
33721476
20809556
48579495
33684351
270104
2697390
8566857
17202372
30318785
25887732
4540185
24446074
6765726
4983924
1034565
16064600
33501908
34450002
3685295
34294599
49233683
16811240
6370809
37886855
20553801
25894166
19242444
4924815
42371772
69584073
17912805
70793256
6698757
38822773
5355970
6548880
31329853
27504431
10150585
74006935
18853263
37110063
11596410
2392159
4775688
41184392
59195799
29796908
10035372
38293883
48603274
4958541
1277510
34591917
3099168
20915748
20415728
54645492
45221256
12703074
35481754
879630
44204859
29388014
35347188
39237702
32185970
5712635
19078158
24100653
2561614
80968090
25550546
22210920
15088250
7073000
3465504
40825106
4962192
56694340
24815433
37212489
16772987
508944
3857061
16583990
36431329
3638783
63229696
20729695
8669295
21849156
32120927
22452600
23866596
23894204
6593532
2704780
45896965
7059345
16583895
5612950
4325233
44303776
3104676
31305825
4393560
19716858
38736285
2974965
12341818
192400
66934890
38730799
3545099
15138388
42993435
79339317
13933593
30192272
36547466
6812442
55478412
20717433
366170
26781266
67608366
7632798
25535297
42313754
91971678
8600823
79194457
28728617
53762039
20249060
48197349
12947934
24099762
11009484
361538
3889017
61961669
30748287
59759244
6434307
48550060
42113098
21963744
4311180
44719984
8501961
9986002
2509710
2933994
59314262
28674165
1665059
32798745
125992
17077212
21903
32074892
9845172
37377191
48143745
16673804
24971645
16825095
19245835
18363132
60243456
36767736
71660394
32685846
3237473
11892375
14788574
14498463
8681880
8854508
58548697
21591066
34499809
31986171
26820525
2607935
14956740
36654063
12575814
48043836
5609218
22520220
2758536
18938413
406902
17878832
42377124
13995390
456559
15284237
1809584
5705847
44040537
41033217
222690
70195581
9226730
7270183
2029085
2464824
32208815
27433215
2478248
44337394
30047116
15979306
10459818
22466136
31975073
514138
12470006
7832950
20414322
981481
4739724
19004189
22769422
16135676
2999682
8110969
19357316
27243378
10539404
14234250
41561478
391914
23248016
9157698
11293490
5445027
34053536
1625849
943890
39098637
37958315
33506957
19847239
33796167
19101614
953507
794589
28767338
40340105
6728085
2269980
4875804
5321403
2197475
6790837
8374212
64308110
69754594
33658508
15520204
17886312
53214416
29962240
20701476
36238776
16829231
68798400
9525389
28697635
34208325
51401247
827699
68659266
44518504
84968517
16858647
44314936
5094594
9096869
18053847
41147850
10425486
2836944
20287222
4934679
26315454
17899734
82163268
21365112
9425643
15218034
14694975
17280144
43000686
38880890
821161
24639722
77514703
15137240
16833425
3474910
572869
4416151
58551498
699263
19205898
804548
45631242
6281813
2559675
12991312
42656879
53951741
23987076
8692026
1536885
29206062
34883868
14386590
42435911
17161476
7776575
57658002
4022823
14257992
38152229
55487484
60024667
45819925
21607725
10548996
41647347
3829410
33356115
22509760
11757174
1043901
32494002
43686624
9029426
279549
58735905
10725568
960800
43279206
5008267
20356560
17517375
23926993
16849404
68007600
2349487
1699289
67313540
13093717
28903961
20381268
3705080
54660508
5332986
37648474
6054658
15650091
13728965
17955252
860262
7743841
6699359
21711034
9866187
303208
18416733
2264843
47753252
1220002
25672538
17171685
13431245
1136219
4065005
28833906
61095207
18309501
20879505
633923
41346630
67287361
21356910
17410665
33312231
6532460
45627011
63060354
40498947
30580317
2735642
27062148
6078989
42949200
5800405
6783575
73591281
26384677
5975917
20565870
6290776
48012988
1018215
32095485
33921472
35553630
27536571
5077081
14122215
29466150
21468990
15171699
26717165
25789518
34950271
26947178
1014389
33597419
2571469
35884430
79874151
45920781
12070760
30368358
2274834
39829539
82986039
13103460
8922780
9130005
36762740
957548
69499782
34873344
37319177
41180340
35450047
314854
9358411
890980
78938082
2804360
1078392
10743772
10675335
28208466
35180817
3855171
8899424
56421692
9354614
1779113
17669358
6398028
57688249
4788846
26174254
20263293
8958176
8784111
26724950
1261290
30035031
7147386
25082773
13432463
53660256
8882874
5658407
13312907
25264768
25608528
28514005
7251690
26603556
42844326
661998
25038228
10463830
19667139
62479080
11615372
78324852
16220232
75161723
10331341
31134306
16485128
3354827
17633655
5285097
36786949
9878295
28342260
26417142
7592760
10567011
74788843
4524170
23453986
6770205
10512960
438695
39530
1521045
74381510
10821228
602169
2829022
9637443
11488089
4696820
63928044
19611594
69747527
2355751
20284955
154088
20797326
1184190
6947611
6637167
570507
63935228
50991598
9894582
13157046
37800522
25287108
750399
18079063
1416844
33726665
4333368
4284696
514626
11637425
19696192
36516415
11739120
4034337
8126258
1096578
38382030
32310600
17994165
869676
5876266
726231
3929235
45802778
14808929
11206026
10001955
22951770
1888752
51157300
136292
7058295
23620242
35463885
25588098
3566272
50772459
25394482
1461458
5757999
1124250
1621092
15833322
12065051
73633791
8243684
78606330
30065651
311520
6442579
12712992
15745806
25973532
3914760
58063275
6011760
20748581
50702364
1338760
2062387
1835028
45247311
22844766
4348037
15943446
34224180
12790011
4432809
37835192
7099203
16111440
11769325
728859
26628810
4239684
28305962
72678870
7065927
9274460
27863555
30369009
3817853
33527922
311435
1732676
2191959
3657856
1325509
4287564
24116062
28212569
81569160
45703147
19445885
7148868
23430697
1424868
1787846
16309296
42020771
58373526
43853747
5000317
2724120
22601577
35213815
15327076
709396
38620334
41246351
21249486
9579229
800074
115112
8718663
925517
7534368
380933
2227944
12815059
7471752
4699136
9347106
13699707
14733573
17371275
32369096
5250414
48503135
2496315
2467048
46374988
3076073
60495957
45832700
1932174
4187877
30952769
4192902
30093105
39539304
617105
33001130
31930360
23004910
44853924
871461
527323
44073962
29005482
25401840
26839896
43105707
3955812
5503545
80951199
30520816
11719696
2364219
20469446
48750174
10877732
8133324
790587
726618
14735731
16102272
15455894
9620160
14744817
30993672
817327
33283017
8138173
12593103
291159
1226592
1781019
88236
786886
21441030
35505875
12504712
50726970
15173007
5890538
30816134
41894765
54993279
5313209
31117683
18849507
15471191
62937671
11425554
12366432
26572498
8240718
6336561
34390907
28166792
67258460
8439060
20532225
55456737
13704046
17048816
69915686
7196868
7316908
19301436
7132759
14963723
43955448
34278660
39533760
7890876
7003242
19338497
1597284
10463298
20853639
4553280
3093939
44869611
29185016
21209392
36826525
21099060
3531406
15272920
15348515
55402198
7413287
41751794
11310849
4501323
19231129
27454646
4851757
53147017
14730685
681264
27743522
31725353
2793200
58668288
6696853
826297
16488924
12496751
5438121
3498880
13970885
19928142
18932625
38352523
6088771
33750536
24452832
49367096
1437701
14810196
6891793
1701734
9703476
73289305
54540884
68775965
29434234
22133992
57102534
17118246
11349627
6289728
46480141
8233305
21446904
13006769
77142939
991200
18038790
17524641
8310456
26094734
22407781
56309175
2631913
22807221
58025484
68836516
17258644
15569532
21384037
2250280
1118745
11751930
24274459
18603816
11663617
39406759
23390709
1454217
35584110
15586464
63727152
12412725
1175706
52258863
4191645
34070760
2723751
20636450
7417980
17803776
336573
30251155
1578151
7572114
3115905
15760187
39116926
6512066
8952465
16024666
71399288
823028
53765136
7920135
7740981
13485532
69553638
42983744
43905741
5496120
22641953
33252862
80494354
50574096
3613008
48450722
22166498
11707079
11738165
26236366
44176225
54215947
54652890
39928955
1042423
10872625
32925816
3906091
54715294
8261784
23101991
64394688
16561202
1172313
23777415
7189640
1114545
30615916
2201893
6048159
439104
21175682
13566
15803136
1655441
72217800
4472552
43779778
7845684
56658919
5210631
59107800
9385878
4099980
931014
3166327
33772731
19374184
52447983
13246480
46048664
17261564
23383958
11946283
14859942
19519650
4917418
20406428
25457198
4599765
26854695
8481998
78088561
19465611
28311010
17339665
12429495
13342037
5668884
893972
19411169
6333678
42809922
29092566
6135234
34324290
678473
2671074
5308519
41906400
6901192
183510
43358377
42314400
927034
27196935
21415688
4271564
2186018
12655854
11281720
63625779
63028964
29090651
11810043
69222382
8594200
6809238
5343066
9500160
481961
14686266
6614851
3779809
5017545
49948369
30440506
5896106
3179588
10205265
11129313
60109914
41633103
75031290
42238524
1339052
17985513
25121610
12102765
20496621
80289045
37616434
3656977
28077705
30137843
65490222
48941808
15134040
24069941
1195683
52719418
32749596
1202315
34980561
2950794
16340583
46538001
2965347
77499922
7316190
21435639
44610423
68130786
7868072
23332449
55862634
25302919
33863204
955747
1174446
11112340
68689142
65435599
15116837
44767417
10078994
36944970
39289320
39469266
72642334
67080961
43714125
20866890
15605033
20841705
15132900
10635141
21580560
24746229
18930434
13248988
4872528
14690142
30904509
67087746
53060020
24899751
15052889
4719834
39824949
10128356
2690369
24817404
28897766
7410709
26597354
6012918
4977357
5077107
12480172
9464900
11168944
24438354
16043410
14271006
3472326
19751722
1874129
35376784
5928140
57931812
55364286
55391919
49809875
56617335
16077852
58894025
21446568
19647054
63850533
4470885
1685760
2734087
13232899
65752414
17414838
38651700
39910275
10625776
4109910
54431300
7589700
42158303
47787381
465613
18605444
13129200
4993697
511615
19522779
32635800
15376760
31093727
23677185
65594734
52726567
16251782
2473104
13563600
22094619
66379215
2410091
25750584
54527168
7378397
6498306
64182003
14383710
145665
2018243
53219425
30900690
59562379
40075468
4104992
39506625
3987906
5510520
15048874
3888828
27878262
40170710
28001310
11572518
14884293
2744471
4329045
1646047
3927782
31349148
64648056
3622738
76883742
37092978
61086781
4798660
6672388
4494764
58457389
16744590
65514855
9747288
2683995
89330600
5502596
29238650
29707865
51206094
70776729
12507846
26891019
41575608
43307943
12451176
1159127
12317263
47567922
57031195
1674105
19858230
481758
47154222
5057136
6271920
12669874
20949093
29414682
18146724
17711925
81873720
50585112
2402248
1713696
31572694
4368986
8521088
21557669
6755416
32255478
56421755
8926047
19104120
2917391
84517944
458284
42697578
74901321
64038900
14396858
33228549
547983
9379747
35904241
12013019
2698383
76191552
13517516
4082326
41069826
19471026
3942411
3924804
33716509
24024285
23786972
40057698
11094487
72019530
12947833
366896
56843214
11730773
15323562
61591023
10638258
1298104
3863147
49865145
561459
41589138
65605001
5606532
77344722
40423091
2655609
73243620
56570615
47487472
59852498
10631038
10000220
43736166
292398
39059777
5584959
53518660
47464112
6947092
19815081
51000866
9471498
2109717
1317946
15482340
7614873
35076424
459648
56948969
789416
11952603
22358393
6031970
54532926
12184859
44588702
35382303
49719818
8726718
20224385
49149090
617450
9076152
16212028
34250643
63240886
5371221
50115375
2204243
8970900
22561798
36682534
75996066
4233918
1394979
29302369
14529119
6896574
44860067
3268337
81421193
16743499
45908655
16101884
2126504
10254284
19198377
26606766
37026717
12215688
25538487
13744035
2880490
60105969
30673118
14896141
64757988
821955
751579
30055556
12844272
63641595
1859152
14352013
6736200
7609423
19838109
15000984
44901849
18427636
39320540
13422503
24761420
82018929
9575706
8341697
45603180
600656
46433361
4629173
27295344
32691485
39086151
8325204
45749936
33050430
17124008
7561013
40460160
16800603
31837731
27814120
4396638
13831714
8829054
56513506
40666800
6640101
42863122
36025899
83934317
31953190
9237870
46591924
38362552
23014773
54774270
38386170
7776867
978741
21798757
5399625
7351344
11740951
39597897
15141750
24168323
63756984
28853172
30386151
15013268
31384890
16984823
23453793
40203340
52003023
34247019
16999620
57639647
314756
43198785
13196374
20170700
26284582
8068914
446150
5575743
18361963
32871133
31761062
48695690
1576956
1238175
13050818
9200488
229854
38725192
19590318
15637545
3403233
12610050
32035807
21614751
6222269
23400602
16150197
24258364
49887711
30411278
73132670
50983132
8066967
941467
16564347
12770132
19800315
23256260
21044520
1182696
56533472
1164611
1520336
13551165
41089660
7578603
5442759
8841830
17791675
11997561
26794092
69718550
45661830
60739653
53936273
6308037
24325194
9297755
11772000
302036
35559628
33091022
36622727
4662678
48261015
41472972
24805737
20686260
14472289
45201463
375318
18621541
65118249
17544092
68698314
27282012
3502470
39092
50439942
1666719
16039929
28882190
19937718
71098884
1835875
910656
66489423
41347488
33096096
4357212
66937663
4868930
29110067
37352231
75683490
24320116
25768310
25908669
2404990
3408286
14895468
18920444
20060952
6484318
20057839
7359872
37765584
45766086
6457318
6401305
36139103
5701280
22178274
19997998
32126765
57792975
21770569
76964355
27557208
39781350
43763337
37090750
29670629
37988888
53316356
31909316
611219
33716018
485028
45809316
22296060
15610088
42802652
60113625
44423928
292800
1502443
15288709
19375033
514740
15476707
57209950
54079324
63596824
9634345
852660
27749173
90982978
5958181
14826923
4440837
45565878
2970950
71364383
60500811
54548081
56042908
3031080
11401501
7875709
11212812
592297
25149235
46199191
37474403
8513897
51557577
1609494
17799812
29526882
41893977
16392002
45769058
57609006
19207237
26517425
461041
1623318
26851704
26580791
37992108
18761535
4783553
77803128
6462183
12483214
38758797
2088423
21540243
15428639
2042364
13216271
36961547
56199455
3521620
40310129
960321
48553424
46337440
30782873
22408509
28104667
30592420
76192473
14371485
25051292
4410094
32074476
42070275
34726526
476445
26995874
10914588
11712631
27490974
40784304
23599088
2604325
17029451
4862503
25545214
25355853
61981298
12702960
28583766
46713861
21892691
40783350
11272156
6216849
5559300
13074887
13517505
29083797
35401518
48746115
71892846
58050217
19712249
3846680
10480948
1792627
50907955
8608375
10673998
40237858
26319525
47731383
9238670
1147500
40505010
14601400
10547770
39509847
21470075
63712159
48544898
39392950
12972163
32354888
576500
25453652
23670351
20656710
1798654
18976758
4235147
42036834
9172876
74548614
62478981
449630
1054561
3332590
42316076
39626860
26508146
21489678
14073273
49016644
39018357
1875724
5695245
9422507
28208430
9239309
42092823
49510387
14949303
40109499
54556809
23008977
40204107
563312
39958602
5084457
19431185
54983921
33379749
29703342
39691997
2067432
14184189
69245492
834988
67958355
64844416
4169295
9174264
616710
14040940
864667
11837926
16033302
7118400
42045570
41567212
46168816
17556758
23418144
8409949
117314
36450693
31998420
27912159
23035874
38641846
22852888
30721364
12692466
27345514
204921
4411127
8455870
6535854
5717729
37643062
2207595
67163143
28576694
483822
30867519
33623935
23356593
25997582
18635801
5304905
16270228
7871948
12213180
19051205
4094010
15574520
5558138
1886691
19433373
303906
1084018
34864256
16241426
21611164
11561130
8024361
21359467
36104430
41499390
10291402
8057611
2071626
1555259
61114140
15280575
54636666
634290
745213
36328250
7453474
81751500
16411209
24513679
40607254
55812725
3963290
12091170
8513121
19646487
8308167
12034020
413809
5595872
926235
2878524
2360169
13796968
28659956
21581136
37859850
831327
18694830
8939940
45299789
21878536
9260693
48442524
37081938
6437658
75698532
34572020
26729538
15555513
59813521
22950816
12229671
2107859
115862
23236100
27714510
12583850
15115545
3584112
4003577
1623143
6103405
23812054
8982675
51325834
13215231
31853382
38849349
15304398
50194006
37713004
86961531
9687195
40069885
2846278
17127495
11369932
18943872
8291270
35007807
61931310
446252
9593316
18621285
48088050
44653005
30434916
30969867
59058259
1851369
4309987
6279570
917680
6057789
43875180
46517440
35546930
7382853
55648301
661517
6570370
1850235
27997733
14151105
937836
67268159
25164451
61371975
60155382
9294147
1719188
17169000
22477133
31820747
5748728
12350619
2227465
12445827
6217266
32321275
2250882
57434794
24139405
40099311
31606239
211858
28323243
3601653
76440626
56035530
74856700
730291
23419284
43287164
2669563
37685730
7321644
9068716
80445481
42140220
38865042
74639482
90436998
28232936
1160928
37649315
39114988
20269932
12630750
17757062
62632402
5481038
15424293
11891772
24140799
12237581
6626853
13696949
52613325
10198650
642217
29423841
46526639
1625286
31048494
14140584
3423381
14868405
29345502
25693650
40911309
48168741
15232640
5773962
32850280
27322035
10583263
4109640
60961897
2718083
34828188
640232
48233640
3113834
802561
567754
6874494
14654738
8526706
17997960
2024106
8021671
37001104
24347533
20999826
21510609
33420915
67948392
49361145
32903557
20878414
19841717
74461113
19592683
35759577
3248793
9147851
20194236
11994840
1308302
81171504
25019299
5137517
37007037
56623952
1353347
34276693
58940850
5623911
6097138
30465126
808561
8141580
76577586
27020732
1221402
18017664
17274644
90668321
214515
69376500
5088211
25593046
29306700
65762220
1306244
74295571
51200225
17201632
17761079
64947138
7784060
13723380
7465419
30857498
6760115
22294074
5204900
7753352
72332662
9148490
7415363
18355716
25777903
4176819
45336167
4262414
839907
8249640
37968410
11035918
8104104
62593884
44885459
49437500
8936487
32031750
55541848
44080008
65806264
1505457
24424612
6852664
47073599
15733236
27025379
10178729
10536726
34271783
2457990
13675294
10571134
40772874
53299605
16009900
7093474
45694055
6076421
7012494
13854223
24002010
5242557
510108
46936080
8350179
4662339
25164182
42771091
74737537
22428534
13494695
27800901
65785553
45895302
28898632
23810130
24490929
41446307
486312
76051767
14285214
53081735
20853450
4383041
24942899
12341828
10632006
543782
10149945
2147127
20862484
4920498
29252284
5537469
47216520
4088520
8192406
12899577
48604581
13539013
13630238
55905619
39578748
63638538
5691400
11375354
35416312
47317500
51733123
16621383
7120777
6400920
74239893
13740810
77085060
20653619
81642
8315487
8205561
739895
15397011
7167186
5956460
29944974
31584006
33333152
34221651
7993067
55313939
22917016
21949591
10866462
587890
13298907
2903598
3491775
43745670
25166929
22498674
3976263
50659227
6940209
65319397
44941682
17138255
44607225
33844784
15221458
17949039
14079910
76919772
17923146
23746145
25909506
14933613
36263805
26513016
5134722
1089558
19497631
41839200
6366644
30341830
6611535
29656326
7968242
36676989
49579030
914849
32108417
28277190
29814486
7988526
8409796
10913786
5311579
2352070
40743779
24865638
32810576
13398222
9332115
18510983
64287890
1672213
7030367
477906
91490025
31499464
50309382
40650829
816705
1150669
34032150
12340739
5570586
13394316
1704717
74356011
14159367
37325193
5562651
34898604
70903411
20453225
21492117
7527440
3756200
32091624
13517146
37656765
7710201
1354893
5288652
11457723
18445648
16237190
21358398
38351108
2499104
2068353
73637173
8087729
9109824
44961600
22937965
40105518
26944145
16625747
70369987
12776249
13392225
945738
2487411
38956178
32523946
19630500
5184663
15722586
19887245
28915392
4344912
6587756
31896470
248048
40496500
25463516
34988735
6532001
35818431
3106908
59531913
8081310
2588085
70933035
20396851
21566193
5876066
2453512
2900502
8724401
31885447
7898965
50645952
13720
11123750
9217080
21150034
51390605
35840935
28001895
2125367
5059029
4777563
7473434
56366920
15338169
13206123
56530530
8832010
15439988
2033725
3808428
47464362
604899
18988381
7792725
58185646
7983570
756891
78990415
15881112
75709296
1798383
18648607
9213345
73982434
98555
18618000
720781
63488250
4009500
1292661
12441781
6527899
19398221
9658830
9721080
13408264
14185059
11047738
46791657
56691780
520745
25352238
5204012
35877601
6548994
24833794
80443233
14176537
2693043
21755756
1132151
22678099
24386103
24248362
23177983
24750944
68841481
12240018
25069566
17039485
42231378
32162178
11499807
9149337
48383687
16943056
61623375
11919195
8276861
3106565
6798711
19446776
5580819
18234900
79822000
5680031
62369428
49557959
25136321
13418157
1741249
110744
21373938
27096227
34876681
79315320
31950494
13061968
4782007
67373914
13337774
10260092
2273390
23449852
6782631
613564
24345356
1038459
59165892
25478741
6671718
806978
2061508
332325
60496221
6997448
75034930
686910
7510544
37128780
1953235
16615443
4127064
5230890
425140
6151824
760704
53028202
2532337
627749
17197553
4904576
1458420
5828544
48159887
36894151
1745227
804564
4892764
19075209
4976862
27220868
5160992
7692803
5012193
33440772
13494123
35338211
29333000
2790703
20029210
10911728
64088314
35575236
12940995
14019084
48955463
9044100
53634915
11738245
6603707
24259257
4202641
5235496
60202190
32774184
163170
1366696
46698977
24302134
37622190
146081
30137017
44212014
23501378
75237480
11841900
34427723
17663213
47818835
1525282
19458304
6281573
382202
6519310
59971800
12193724
38442809
18523098
5637456
2178638
13340510
9847012
55435520
25082790
12871940
8584154
13207399
21179202
25676486
37514412
22014769
13825659
1648014
58833246
3850244
72971334
23431195
2555121
33004536
4945176
761746
40730919
70703
241503
70356665
69568946
35769244
63897
5008378
677115
3616618
7065825
1124946
6459390
8152261
13704788
19265400
12161443
337352
4275055
11694618
15340475
2530517
11073423
16208192
19516852
90416060
69370010
2003359
21463904
536660
321090
22262638
62382035
11954088
21631952
25625656
3651058
3018888
8841311
26471130
1253574
48741745
7424820
40911913
16435760
16032240
19034100
14755913
13895868
6259429
276753
11948183
10420464
19777280
54837477
34078128
2350719
34010856
42230663
31130556
849204
38214465
23510175
1481992
451370
9883584
36039900
67678797
27989522
40973873
81293625
8441820
1822669
7296254
2088945
1768639
6252133
10759487
13860117
32414748
6033449
6128970
29480645
688669
57247268
23589236
16009570
54422334
1271529
48580980
12214609
36255610
57415215
417867
84484241
9479162
21655554
16170196
45073766
16782450
3692044
3752574
5978152
2105818
8332016
30301656
494083
57709345
709974
6808437
10999532
69896150
3322085
51477155
26279451
24489887
2941430
26633619
16892228
8550410
12910558
17731722
500250
72923859
29342893
79061599
47866255
17767984
150394
5487651
23369489
443557
3808476
4495923
6026445
6020820
43013011
468886
4144812
81476421
7187879
37863380
8971887
33140295
10003894
15279982
23609553
204391
1874983
22563433
18394323
11720659
19139226
18299424
3801375
2497509
543270
3015670
6324264
8355744
15989589
9402855
11137788
33395502
18416401
54736128
32727844
15579375
6764388
9093476
20733830
40456125
9426405
30794276
24064683
21512700
3527773
21835332
24317913
47108127
31997599
7132629
11337865
4386516
18869691
15271788
10901493
8201378
11294817
16882363
29467198
663374
432720
28446270
35777989
42832638
8580495
6568872
29145032
25900458
7547793
7002450
60078450
27642860
66456571
33869007
934740
31002128
1161843
22853891
2632499
43766016
589850
5903383
48303989
22403194
14638911
22567407
940589
44704599
15129396
28351680
23541857
18504466
6381948
66262634
4402910
1446984
2492564
5311332
72491547
54116182
35672027
21691905
15828538
42107258
48218060
14252899
32961222
571662
17951157
10475544
4562161
42391272
7262633
41860100
83976
67664678
729477
87363624
36608028
4747721
30944906
49303678
248716
934320
683424
28290750
48820143
16949590
50350681
44782416
20877055
55228568
856866
350157
21976175
266112
8535261
42926263
8207460
38450992
3206025
81733887
31537524
61757854
31561461
9477905
24541793
2476107
9240279
1127552
81551979
3458755
9608625
18747801
19152800
16987620
9689171
18386004
37750152
22497237
44301873
2905532
49067230
49562172
40991193
9614400
5777961
29805003
1809945
3098907
18607875
1505278
25943197
4859268
5036199
52184828
12751649
10631460
13588401
7999024
23643937
5876462
8697141
18983853
20351746
11526273
5905082
25580832
41544882
47168325
24528517
11442001
32232379
22084636
3201640
71870409
40950565
6025912
43112160
8291427
34899080
15745884
368703
4144670
30075051
42534546
36858627
45959402
7779915
19057780
7553601
14828190
12711573
53610618
55901010
641852
5177658
18733230
68663411
195615
8602232
8877805
1177605
26067958
5193895
43878996
13863351
56307989
52381700
5865128
22751827
43547977
11223667
13858935
620541
55150216
68299450
38697750
6703740
3772120
5645340
65262511
1019901
11334402
43301765
39615114
971128
10919245
85785485
18657639
4570400
20352620
1761243
1059264
942924
53186410
55834215
19788278
14457493
82246961
5855565
24460137
63175403
2400180
42020391
911431
13003895
5336061
71801361
34924494
22352022
55907592
40156281
28606887
14967589
41462961
9015474
6493725
40762146
20557456
4174070
2636292
18547653
9516650
10403745
49856847
32365771
312928
2557701
43810998
35248725
30741630
34934634
679075
24969281
15828055
18227910
12660930
10485408
5485305
3924756
31022075
54825154
39600832
3044390
9086700
27161059
7758366
2402082
44952950
725342
13392036
61646112
28785280
2508137
3924567
5384978
396564
40932612
19440246
38371570
4433781
11960823
7590160
18897291
8080395
640198
76440585
33806980
4654908
6686442
30523150
24262216
64192088
11748673
14375636
2635877
39709382
626359
21580262
4975553
23086511
14295927
4132674
48678111
9618048
8837205
42302110
414283
37793717
13181315
72099180
15291140
15435291
2445405
29376138
27133974
63868854
45761298
6654931
62970859
6435594
9664291
20628807
8439093
3423420
7152818
46686838
24710940
9205920
63525
3295053
73576551
44272198
2814734
3038004
2349389
3702975
10289884
3970395
491281
3287387
845248
1401264
24791508
15372445
2790945
11425400
9506659
15780166
14587194
6754644
15916224
14294967
7683474
9434962
1729537
41027030
28921009
28058553
32778224
4054231
10748829
12356854
61127514
12541840
4388145
12482955
33349371
540977
2612430
2201442
2753465
1148434
3913079
2438100
12558264
14288802
293044
1749643
3858186
2845109
2004902
3966310
34891375
8626779
44812098
13990100
2423928
8021835
30750154
1394250
36760068
4823057
586536
30385639
531858
937270
2048699
6046490
932286
60546819
29663128
5557300
73462626
23020875
1852895
3751753
841719
44552998
9602808
11140538
6542930
9443186
8713147
896830
6741085
42605325
37786668
21124142
13882140
3650076
1861251
10927896
3339528
12578076
62316945
7760168
787239
9425013
69529338
39604140
16239836
28199697
34503018
1377379
7336501
44337695
16597122
3013020
76902903
380990
36923327
18939900
20193231
79906323
30982455
15071496
57418530
915672
4745156
11085414
6931961
6827088
9155265
42084877
15932422
2256214
83002500
83324419
81272406
1026969
877626
8262967
2249119
38643528
31950853
8764260
11696872
25205545
9167319
11665574
8153024
2436516
2742420
36143537
15492682
17294928
11359278
328776
1484375
27758871
627548
361913
25053003
20928600
6376150
55615835
1405305
39504051
32271733
612090
548072
21188193
1323403
29152592
3710291
28721139
7792902
36487383
28091472
24415328
13122948
24265098
2077770
13065504
44413455
15318727
3495249
41622984
4910715
24848049
66892724
2095777
17655455
20962106
67036551
2693460
22327970
70025111
16123001
393183
14667303
17276750
55512072
7723593
65399102
2406060
12045817
11231395
30867198
98869
25756908
11563068
11126082
59656372
20020455
14677766
55906299
64942773
32301968
11196003
4978611
1207505
27348029
7223715
1757072
16799838
16879020
2970728
1387761
41402205
46054474
66996718
5608836
18369580
10977174
16156865
10957683
3653824
7115985
48130474
47730867
551321
4379198
16980006
10798631
21654851
1551320
9031122
47805431
593504
52479345
21459266
15314687
12642543
18135652
46489952
881985
27726237
6429411
46350900
3806709
17074168
17165497
6331306
44153886
560526
2474303
1353815
1164681
36499064
49908716
4196610
4480682
522989
19038297
10332316
4477305
6395820
17198251
6546584
46154536
71837714
12685572
14783376
22026329
3806290
8760906
7925373
1363918
10971492
1739178
40671393
2971944
25781646
11256975
7672995
26137152
946650
22113891
47052972
3889620
25793132
3860700
36952605
5020232
219989
53957240
16124496
25245984
79045520
2846744
43107148
52534962
50873481
9904295
29506467
41122290
12172472
7077477
1938558
10065987
3384888
6780114
18891136
2652216
27913055
478881
10694064
52240089
8310258
38317642
41474948
3750641
23836560
1213568
2705627
5956731
14120622
13887258
21692736
53552961
27367066
25942409
49655827
18185354
4426765
49340059
53891904
19129514
48280314
42229651
62443122
24835032
10246984
32710087
38089299
11094121
2490969
10520743
47579259
82376145
27383078
46256523
5237968
9845451
18748726
83283453
54193320
77832468
28138506
458641
7408367
28110108
87341121
50550651
42509433
30879386
2513535
39071864
72945915
5518650
8667540
4366958
13084581
6171167
6093954
10987377
60136020
3496689
13486024
2989587
30302002
2900508
8460462
63042165
35782908
23217733
998028
31365700
9569697
3903323
19663137
2747280
1423332
25671665
66173580
2737867
12732815
41469638
79339725
17559033
26310950
43371641
24139160
6103881
28750398
4100369
2383810
20778991
48799052
49467944
3225996
2386103
14032560
35180172
759172
19897526
31055841
64807910
29616603
2788506
56905896
40331630
15319500
2523944
51163190
12004360
20331818
7718414
15239631
5970041
18610176
39242128
38485551
27161960
21422476
36728913
30129051
12192093
21620898
10368621
37833570
6484701
28506726
2612157
19251409
39117169
31833106
29561079
21757484
35880075
69895290
4072859
7905466
26379091
36974655
39402027
9990587
19289754
47401685
18634440
5537898
52192561
12878194
83334833
14472216
46213262
33486077
61960746
78537071
65324287
40747590
23282271
40063
35232564
16957139
59402312
18295588
21233825
38819983
7726215
25482600
8916485
20454899
26013899
17315847
2386605
46835396
7589890
26970459
31601674
19531776
2303418
2562401
2743950
68121996
21558244
18583319
40546440
17586904
26948480
23969973
62278890
6562875
1412824
49167150
9535577
32787342
14572144
4509299
1703475
8210611
497739
18952500
940002
13322305
2429675
21061196
678974
18025875
6094150
17162592
5101950
12715705
2356380
25603122
4935831
24694082
2042253
919778
10437180
8165619
7596682
25769501
10555878
2278060
16935023
9134748
2529801
17310979
11198220
10751580
9430803
6993648
302803
320855
24654222
21773525
695538
33882294
5270511
27296500
78998
40743169
48077018
3194717
4316695
2629090
6330755
6283305
33579637
20812374
27841295
59886366
24670718
17429601
8172546
25708380
1079024
47884469
8683085
3291981
9290154
12067844
12331934
47340934
148842
13984455
9265718
43769025
30823614
16933659
55843807
3374718
3950433
58534301
14842600
3994598
7999085
9573169
49770112
21606790
51994716
63154347
53141256
47010321
5388339
15483360
31456093
8825292
22704894
29343525
14070508
3793827
7052250
7276740
75884361
11513028
7771998
9691488
44004903
51130220
28114779
32743812
4162426
42274880
10104407
78916242
543410
32967701
80391143
25223207
23186942
9986210
3303804
24056325
41527036
25344861
24390295
8681312
1669920
14602413
14030091
42618692
71147689
12461240
27702841
1281352
15399624
1857714
2332338
11934510
17674353
19290568
9679932
3773656
17009051
34119626
8896558
5824652
4648540
16148760
20356723
3878410
703166
10505722
38655432
11804139
12639773
30269738
645572
913479
11806293
13965687
17023070
5867610
18834830
38542329
25954099
10928988
8575955
15295713
17904402
22018997
42976693
36237618
22307223
22639078
45850728
67872072
61519153
30726225
9572757
27869590
16641514
21161807
53320389
3845642
61415843
23012949
14619172
221964
13371122
318915
18598237
29764934
28824878
25738866
29006404
6874884
16566881
24822788
5057341
527988
30756062
47436856
2851534
19141980
39114621
35604703
23281725
15136764
17850195
4696640
11674051
9049320
35647904
13638366
5848314
7766396
7634129
38327445
75895143
3680491
12362730
14670962
6571284
41273226
48515704
4941263
32393403
1481376
21446100
13330080
5856050
458847
37970237
8975056
67335795
8947860
366859
30560244
589368
389463
5012973
70921430
22887714
10619782
31738201
1402569
28077953
55439352
2881823
5175796
1855901
15985420
21145994
4851409
36610104
9629529
28205859
29195664
19492456
4086663
71693748
44540460
40692669
8999038
688083
8290759
37938402
11951250
66209937
43042117
31383230
1167618
44677220
37656587
4306265
4151888
24501906
10988757
31157529
31506694
69439740
6876993
3926898
6161785
2210334
1720593
38664416
24005794
42543387
8684367
619308
19172196
31869996
27191280
83948127
7026062
54778661
19014413
80607363
17423022
17172648
4115429
22498740
37073664
15919350
37259382
3539213
13070407
28373241
14782950
39138731
820991
11241674
17054127
29098457
7029460
8977551
538653
524706
32467632
10439577
13008060
18371993
2092720
19174452
78750404
14400120
35595993
5060251
222235
1885375
5064822
19284069
13677379
2742375
3108074
43999606
67359228
49779805
63171274
16756581
33029138
26688690
25906311
11734336
1628083
14746551
61961095
1925370
274197
1791036
5678868
28251638
62535906
47253285
74545080
19155711
9795965
10403094
20882521
37649754
77775248
4834988
42000922
19595896
3920058
45265840
14868663
11924201
5457785
29715192
18202759
35775084
25473644
5375160
46177079
81561279
59538260
61200
4419114
31036735
11905724
72796257
47126615
17941616
38667375
578530
632028
8137530
1203048
19437900
38649844
41116355
34362962
5027171
906615
15191946
35245011
10315192
8965130
18779937
17525820
1175782
17677909
74079240
31140816
63149307
33130944
46067368
3989689
261436
36885322
2830866
34960793
48975408
981774
30553250
947680
1997058
46157158
45815962
39450043
23009085
855861
38071619
22611136
2158631
5853250
24403005
3522353
10989730
16672934
9775614
60670553
8724978
49464892
37542012
2651560
15260184
23977277
36449273
2737800
57928948
11580756
36287775
32238890
12887259
12953349
55057333
16940791
23657874
423154
13775085
4972590
547216
611619
25020782
31534542
18739711
1039965
12218520
17569509
32658255
13140798
875457
27476352
21484926
20479925
42873234
23621889
49835412
6019696
4201596
22495240
18121432
8335209
813365
69786013
3334652
941868
40973622
37258050
25172084
16015644
32598515
3194048
20857553
36787338
1199373
1726212
31132112
11820287
42449710
3456333
8727873
11271225
49618173
41750072
10816617
152190
50785183
53359488
60758965
28951253
42236802
25795789
32692164
15960849
26138853
53869134
13335505
15822720
1268406
44460902
58130990
34455240
9103970
35217295
6589348
377311
8144942
21152436
16327812
92433983
20103161
4017519
9590924
1075566
30767283
1989372
6522650
24826956
19356570
27417951
25585395
7050982
22840700
12387211
15324365
7112361
22881223
35802875
25268535
12572481
169140
12184632
30857832
3045114
2588645
36351989
28959714
2449086
374181
2899554
24430764
25030602
42943835
42733655
173085
8871722
65364942
48615886
4590970
23450047
40833540
4266052
26001195
24151812
23673229
58213775
17298736
26297565
33367775
43505216
890606
79377869
23067516
45645116
31661825
25295574
21905384
46525710
11712358
10413486
75890416
17014212
35133075
43726260
74715678
2189035
1606740
219107
5532003
34316535
1128771
70967628
1466757
12849039
16861719
56129730
19151082
24742853
34697135
7747110
2747682
54353395
33906504
10125016
21439723
29686151
392317
8047890
3195690
335931
15427500
1363302
5976152
9879088
81260955
6776721
14160157
17873730
74285829
17182921
21432177
81798390
13169429
8729718
12144146
27764529
69583550
4292360
43022362
22594738
56666597
1467300
27951057
7594429
61598133
17549766
3719896
21496440
19864026
27709500
17064498
21950073
675697
44417100
76520505
564588
7054161
1941638
4922973
8913594
8777475
912702
29748240
32171845
7476542
13888349
3805653
8632170
8011026
20478829
12039931
3267378
35753940
16394850
22824680
6583837
49525362
20852898
4077585
811015
36877204
21300006
1635468
46967168
7196301
16643484
15210357
30669309
39024574
26300492
42673650
18213768
28856486
22922107
17657810
47383479
31382577
81867224
8318783
41735892
55737896
16495238
18453735
18947962
79223910
33451611
28314339
43250876
46359492
26666670
45234783
10754420
12619229
49803174
11659612
5776676
11487407
19318194
25285553
6672175
10143300
4402518
2965884
24522048
28586173
10262356
17959500
60566007
701799
2937513
69078598
65755404
14492545
4924458
10948429
26909234
1251831
45646084
2570904
20189973
22523950
19821424
18948369
485477
8159502
2357080
24290890
29901423
16922490
22824363
32614997
3101600
4993059
8096334
15416893
13240450
3026016
17298650
2925034
17516520
31384452
23723956
975217
7419907
29821687
45236179
1608219
13067952
9040228
46933376
1725852
8763180
967425
2264085
1662086
11414264
19333281
13011894
66998988
54325302
17698638
382022
16292718
30881688
57798849
26340081
3120389
17226816
578793
593996
5098349
44113790
27026003
9084990
37965135
76990500
34990459
